// Vitest Snapshot v1, https://vitest.dev/guide/snapshot.html

exports[`StorePage > renders on the screen 1`] = `
<div
  class="_items_079726"
  data-testid="store_page"
>
  <div
    class="_itemCard_079726"
  >
    <a
      data-discover="true"
      href="/product/1"
    >
      <div
        class="_imgContainer_079726"
      >
        <img
          alt="polo shirt"
          src="/images/poloshirtblack.webp"
        />
        <div
          class="_bestSeller_079726"
        >
          BestSeller
        </div>
        <div
          class="_heartContainer_079726"
        >
          <div
            class="_heart_079726"
          />
          <p
            class="_number_079726"
          >
            2
          </p>
        </div>
      </div>
      <div
        class="_itemInfo_079726"
      >
        <div
          class="_styles_079726"
        />
        <div
          class="_name_079726"
        >
          polo shirt
        </div>
        <div
          class="_stars_079726"
        >
          <div
            class="_stars_container_079726"
          >
            <span
              aria-label="star"
              class="_star_079726 _on_079726"
              role="img"
            />
            <span
              aria-label="star"
              class="_star_079726 _on_079726"
              role="img"
            />
            <span
              aria-label="star"
              class="_star_079726"
              role="img"
            />
            <span
              aria-label="star"
              class="_star_079726"
              role="img"
            />
            <span
              aria-label="star"
              class="_star_079726"
              role="img"
            />
          </div>
          <div
            class="_ratings_079726"
          >
            (
            334
            )
          </div>
        </div>
        <div
          class="_price_079726"
        >
          $
          2314
        </div>
      </div>
    </a>
  </div>
  <div
    class="_itemCard_079726"
  >
    <a
      data-discover="true"
      href="/product/2"
    >
      <div
        class="_imgContainer_079726"
      >
        <img
          alt="polo shirta"
          src="/images/poloshirtblack.webp"
        />
        <div
          class="_bestSeller_079726"
        >
          BestSeller
        </div>
        <div
          class="_heartContainer_079726"
        >
          <div
            class="_heart_079726"
          />
          <p
            class="_number_079726"
          >
            2
          </p>
        </div>
      </div>
      <div
        class="_itemInfo_079726"
      >
        <div
          class="_styles_079726"
        />
        <div
          class="_name_079726"
        >
          polo shirta
        </div>
        <div
          class="_stars_079726"
        >
          <div
            class="_stars_container_079726"
          >
            <span
              aria-label="star"
              class="_star_079726 _on_079726"
              role="img"
            />
            <span
              aria-label="star"
              class="_star_079726 _on_079726"
              role="img"
            />
            <span
              aria-label="star"
              class="_star_079726 _on_079726"
              role="img"
            />
            <span
              aria-label="star"
              class="_star_079726 _on_079726"
              role="img"
            />
            <span
              aria-label="star"
              class="_star_079726 _on_079726"
              role="img"
            />
          </div>
          <div
            class="_ratings_079726"
          >
            (
            334
            )
          </div>
        </div>
        <div
          class="_price_079726"
        >
          $
          2314
        </div>
      </div>
    </a>
  </div>
  <div
    class="_itemCard_079726"
  >
    <a
      data-discover="true"
      href="/product/3"
    >
      <div
        class="_imgContainer_079726"
      >
        <img
          alt="polo shirtb"
          src="/images/poloshirtblack.webp"
        />
        <div
          class="_bestSeller_079726"
        >
          BestSeller
        </div>
        <div
          class="_heartContainer_079726"
        >
          <div
            class="_heart_079726"
          />
          <p
            class="_number_079726"
          >
            2
          </p>
        </div>
      </div>
      <div
        class="_itemInfo_079726"
      >
        <div
          class="_styles_079726"
        />
        <div
          class="_name_079726"
        >
          polo shirtb
        </div>
        <div
          class="_stars_079726"
        >
          <div
            class="_stars_container_079726"
          >
            <span
              aria-label="star"
              class="_star_079726 _on_079726"
              role="img"
            />
            <span
              aria-label="star"
              class="_star_079726 _on_079726"
              role="img"
            />
            <span
              aria-label="star"
              class="_star_079726 _on_079726"
              role="img"
            />
            <span
              aria-label="star"
              class="_star_079726 _on_079726"
              role="img"
            />
            <span
              aria-label="star"
              class="_star_079726 _on_079726"
              role="img"
            />
          </div>
          <div
            class="_ratings_079726"
          >
            (
            334
            )
          </div>
        </div>
        <div
          class="_price_079726"
        >
          $
          2314
        </div>
      </div>
    </a>
  </div>
  <div
    class="_itemCard_079726"
  >
    <a
      data-discover="true"
      href="/product/4"
    >
      <div
        class="_imgContainer_079726"
      >
        <img
          alt="polo shirtc"
          src="/images/poloshirtblack.webp"
        />
        <div
          class="_bestSeller_079726"
        >
          BestSeller
        </div>
        <div
          class="_heartContainer_079726"
        >
          <div
            class="_heart_079726"
          />
          <p
            class="_number_079726"
          >
            2
          </p>
        </div>
      </div>
      <div
        class="_itemInfo_079726"
      >
        <div
          class="_styles_079726"
        />
        <div
          class="_name_079726"
        >
          polo shirtc
        </div>
        <div
          class="_stars_079726"
        >
          <div
            class="_stars_container_079726"
          >
            <span
              aria-label="star"
              class="_star_079726 _on_079726"
              role="img"
            />
            <span
              aria-label="star"
              class="_star_079726 _on_079726"
              role="img"
            />
            <span
              aria-label="star"
              class="_star_079726 _on_079726"
              role="img"
            />
            <span
              aria-label="star"
              class="_star_079726 _on_079726"
              role="img"
            />
            <span
              aria-label="star"
              class="_star_079726 _on_079726"
              role="img"
            />
          </div>
          <div
            class="_ratings_079726"
          >
            (
            334
            )
          </div>
        </div>
        <div
          class="_price_079726"
        >
          $
          2314
        </div>
      </div>
    </a>
  </div>
  <div
    class="_itemCard_079726"
  >
    <a
      data-discover="true"
      href="/product/5"
    >
      <div
        class="_imgContainer_079726"
      >
        <img
          alt="polo shirtd"
          src="/images/poloshirtblack.webp"
        />
        <div
          class="_bestSeller_079726"
        >
          BestSeller
        </div>
        <div
          class="_heartContainer_079726"
        >
          <div
            class="_heart_079726"
          />
          <p
            class="_number_079726"
          >
            2
          </p>
        </div>
      </div>
      <div
        class="_itemInfo_079726"
      >
        <div
          class="_styles_079726"
        />
        <div
          class="_name_079726"
        >
          polo shirtd
        </div>
        <div
          class="_stars_079726"
        >
          <div
            class="_stars_container_079726"
          >
            <span
              aria-label="star"
              class="_star_079726 _on_079726"
              role="img"
            />
            <span
              aria-label="star"
              class="_star_079726 _on_079726"
              role="img"
            />
            <span
              aria-label="star"
              class="_star_079726 _on_079726"
              role="img"
            />
            <span
              aria-label="star"
              class="_star_079726 _on_079726"
              role="img"
            />
            <span
              aria-label="star"
              class="_star_079726 _on_079726"
              role="img"
            />
          </div>
          <div
            class="_ratings_079726"
          >
            (
            334
            )
          </div>
        </div>
        <div
          class="_price_079726"
        >
          $
          2314
        </div>
      </div>
    </a>
  </div>
</div>
`;
